<html>
<body>
<pre>
<h1>µVision Build Log</h1>
<h2>Tool Versions:</h2>
IDE-Version: ¶ÃVision V5.13.0.0
Copyright (C) 2014 ARM Ltd and ARM Germany GmbH. All rights reserved.
License Information: ping ping, ping, LIC=8VRKP-MIU0A-PC7J8-3SYDF-P71G8-AQRFD
 
Tool Versions:
Toolchain:       MDK-ARM Standard  Version: 5.13.0.0
Toolchain Path:  C:\Keil_v5\ARM\ARMCC\Bin
C Compiler:      Armcc.exe V5.05 update 1 (build 106)
Assembler:       Armasm.exe V5.05 update 1 (build 106)
Linker/Locator:  ArmLink.exe V5.05 update 1 (build 106)
Library Manager: ArmAr.exe V5.05 update 1 (build 106)
Hex Converter:   FromElf.exe V5.05 update 1 (build 106)
CPU DLL:         SARMCM3.DLL V5.13.0.0
Dialog DLL:      DCM.DLL V1.13.1.0
Target DLL:      STLink\ST-LINKIII-KEIL_SWO.dll V2.0.14.0_KEIL
Dialog DLL:      TCM.DLL V1.14.4.0
 
<h2>Project:</h2>
C:\Users\16935\Desktop\2018Match\project\»Ìº˛¥˙¬Î\project.uvprojx
Project File Date:  10/12/2018

<h2>Output:</h2>
Build target 'STM3210E_RELEASE'
compiling main.c...
code\main.c(403): warning:  #188-D: enumerated type mixed with another type
        GPIO_WriteBit(LIGHT_PORT, LIGHT_PIN, 1);
code\main.c(409): warning:  #188-D: enumerated type mixed with another type
        GPIO_WriteBit(LIGHT_PORT, LIGHT_PIN, 0);
code\main.c(460): warning:  #223-D: function "isRight_Pwd_IdCard" declared implicitly
                        if(isRight_Pwd_IdCard(buf, ID_CARD_PWD_LEN))
code\main.c(560): warning:  #223-D: function "clear_PwdCache" declared implicitly
                                        clear_PwdCache();
code\main.c(568): warning:  #223-D: function "clear_PwdCache" declared implicitly
                                        clear_PwdCache();
code\main.c(576): warning:  #223-D: function "clear_PwdCache" declared implicitly
                                        clear_PwdCache();
code\main.c(584): warning:  #223-D: function "clear_PwdCache" declared implicitly
                                        clear_PwdCache();
code\main.c(605): warning:  #223-D: function "isRight_Pwd_Digit" declared implicitly
                                        if(isRight_Pwd_Digit(curDigitPwd, curDigitPwd_offset))
code\main.c(618): warning:  #223-D: function "clear_PwdCache" declared implicitly
                                        clear_PwdCache();
code\main.c(728): warning:  #223-D: function "clear_PwdCache" declared implicitly
                                        clear_PwdCache();
code\main.c(745): warning:  #223-D: function "clear_PwdCache" declared implicitly
                                        clear_PwdCache();
code\main.c(754): warning:  #223-D: function "clear_PwdCache" declared implicitly
                                        clear_PwdCache();
code\main.c(763): warning:  #223-D: function "clear_PwdCache" declared implicitly
                                        clear_PwdCache();
code\main.c(795): warning:  #223-D: function "isRight_Pwd_Digit" declared implicitly
                                                if(isRight_Pwd_Digit(curDigitPwd, curDigitPwd_offset))
code\main.c(807): warning:  #223-D: function "clear_PwdCache" declared implicitly
                                        clear_PwdCache();
code\main.c(815): warning:  #223-D: function "clear_PwdCache" declared implicitly
                                        clear_PwdCache();
code\main.c(643): warning:  #177-D: variable "buf" was declared but never referenced
        uint8_t buf[8];
code\main.c(935): warning:  #223-D: function "isRight_Pwd_Digit" declared implicitly
                                                if(isRight_Pwd_Digit(curDigitPwd, curDigitPwd_offset))
code\main.c(947): warning:  #223-D: function "clear_PwdCache" declared implicitly
                                        clear_PwdCache();
code\main.c(960): warning:  #223-D: function "clear_PwdCache" declared implicitly
                                        clear_PwdCache();
code\main.c(969): warning:  #223-D: function "clear_PwdCache" declared implicitly
                                        clear_PwdCache();
code\main.c(987): warning:  #223-D: function "clear_PwdCache" declared implicitly
                                        clear_PwdCache();
code\main.c(997): warning:  #223-D: function "clear_PwdCache" declared implicitly
                                        clear_PwdCache();
code\main.c(1039): warning:  #223-D: function "isRight_Pwd_Digit" declared implicitly
                                                if(isRight_Pwd_Digit(curDigitPwd, curDigitPwd_offset))
code\main.c(1051): warning:  #223-D: function "clear_PwdCache" declared implicitly
                                        clear_PwdCache();
code\main.c(1059): warning:  #223-D: function "clear_PwdCache" declared implicitly
                                        clear_PwdCache();
code\main.c(1188): warning:  #223-D: function "clear_PwdCache" declared implicitly
                                        clear_PwdCache();
code\main.c(1197): warning:  #223-D: function "clear_PwdCache" declared implicitly
                                        clear_PwdCache();
code\main.c(1206): warning:  #223-D: function "clear_PwdCache" declared implicitly
                                        clear_PwdCache();
code\main.c(1225): warning:  #223-D: function "clear_PwdCache" declared implicitly
                                        clear_PwdCache();
code\main.c(1260): warning:  #223-D: function "isRight_Pwd_Digit" declared implicitly
                                                if(isRight_Pwd_Digit(curDigitPwd, curDigitPwd_offset))
code\main.c(1272): warning:  #223-D: function "clear_PwdCache" declared implicitly
                                        clear_PwdCache();
code\main.c(1280): warning:  #223-D: function "clear_PwdCache" declared implicitly
                                        clear_PwdCache();
code\main.c(1081): warning:  #177-D: variable "buf" was declared but never referenced
        uint8_t buf[8];
code\main.c(1380): warning:  #223-D: function "clear_PwdCache" declared implicitly
                                        clear_PwdCache();
code\main.c(1389): warning:  #223-D: function "clear_PwdCache" declared implicitly
                                        clear_PwdCache();
code\main.c(1398): warning:  #223-D: function "clear_PwdCache" declared implicitly
                                        clear_PwdCache();
code\main.c(1407): warning:  #223-D: function "clear_PwdCache" declared implicitly
                                        clear_PwdCache();
code\main.c(1417): warning:  #223-D: function "clear_PwdCache" declared implicitly
                                        clear_PwdCache();
code\main.c(1437): warning:  #223-D: function "isRight_Pwd_Digit" declared implicitly
                                        if(isRight_Pwd_Digit(curDigitPwd, curDigitPwd_offset))
code\main.c(1444): warning:  #225-D: the format string ends before this argument
                                                LCD_PRINT(3,0,lcd_show,"Clear alert", val);
code\main.c(1454): warning:  #223-D: function "clear_PwdCache" declared implicitly
                                        clear_PwdCache();
code\main.c(1462): warning:  #223-D: function "clear_PwdCache" declared implicitly
                                        clear_PwdCache();
code\main.c(1302): warning:  #177-D: variable "buf" was declared but never referenced
        uint8_t buf[8];
code\main.c(1304): warning:  #550-D: variable "isAlreadyOldPwd" was set but never used
        static uint8_t isAlreadyOldPwd = 0;
code\main.c(1898): warning:  #870-D: invalid multibyte character sequence
                        printf("\r\nÊÇ®ÂèëÈÄÅÁöÑÊ∂àÊÅØ‰∏?\r\n\r\n");
code\main.c(1900): warning:  #167-D: argument of type "u8 *" is incompatible with parameter of type "const char *"
                                if(strcmp (USART_RX_BUF, "openlight") == 0){
code\main.c(1905): warning:  #167-D: argument of type "u8 *" is incompatible with parameter of type "const char *"
                        }else if(strcmp (USART_RX_BUF, "closelight") == 0){
code\main.c(1920): warning:  #870-D: invalid multibyte character sequence
                        if(times%200==0)printf("ËØ∑ËæìÂÖ•Êï∞Êç?‰ª•ÂõûËΩ¶ÈîÆÁªìÊùü\n");  
code\main.c(1839): warning:  #177-D: variable "sensor_dgree" was declared but never referenced
        unsigned char sensor_dgree = 90;
code\main.c(1859): warning:  #177-D: variable "t" was declared but never referenced
        u16 t;  
code\main.c(1860): warning:  #550-D: variable "len" was set but never used
        u16 len;        
code\main.c(1986): warning:  #177-D: variable "sensor_dgree" was declared but never referenced
        unsigned char sensor_dgree = 90;
code\main.c(2063): warning:  #177-D: variable "illumination" was declared but never referenced
        int illumination;
code\main.c(2064): warning:  #177-D: variable "ADC_data" was declared but never referenced
        uint16_t ADC_data;
code\main.c(2167): warning:  #870-D: invalid multibyte character sequence
                        printf("\r\nÊÇ®ÂèëÈÄÅÁöÑÊ∂àÊÅØ‰∏?\r\n\r\n");
code\main.c(2184): warning:  #870-D: invalid multibyte character sequence
                        if(times%200==0)printf("ËØ∑ËæìÂÖ•Êï∞Êç?‰ª•ÂõûËΩ¶ÈîÆÁªìÊùü\n");  
code\main.c(2153): warning:  #177-D: variable "t" was declared but never referenced
        u16 t;  
code\main.c(2154): warning:  #550-D: variable "len" was set but never used
        u16 len;        
code\main.c: 59 warnings, 0 errors
linking...
Program Size: Code=28084 RO-data=628 RW-data=3980 ZI-data=3012  
FromELF: creating hex file...
".\Obj\stm32-cloudsfaebox0627-1.axf" - 0 Error(s), 59 Warning(s).

<h2>Collection of Component include folders:</h2>
  C:\Users\16935\Desktop\2018Match\project\»Ìº˛¥˙¬Î\RTE
  C:\Keil_v5\ARM\PACK\Keil\STM32F1xx_DFP\2.2.0

<h2>Collection of Component Files used:</h2>
</pre>
</body>
</html>
